[2019-12-25T02:42:02.749+0200][gc,heap] Heap region size: 1M
[2019-12-25T02:42:02.758+0200][gc     ] Using G1
[2019-12-25T02:42:02.758+0200][gc,heap,coops] Heap address: 0x00000000c0000000, size: 1024 MB, Compressed Oops mode: 32-bit
[2019-12-25T02:42:02.759+0200][gc,cds       ] Mark closed archive regions in map: [0x00000000fff00000, 0x00000000fff69ff8]
[2019-12-25T02:42:02.759+0200][gc,cds       ] Mark open archive regions in map: [0x00000000ffe00000, 0x00000000ffe43ff8]
[2019-12-25T02:42:03.725+0200][gc,start     ] GC(0) Pause Young (Normal) (G1 Evacuation Pause)
[2019-12-25T02:42:03.726+0200][gc,task      ] GC(0) Using 8 workers of 8 for evacuation
[2019-12-25T02:42:03.737+0200][gc,phases    ] GC(0)   Pre Evacuate Collection Set: 0,0ms
[2019-12-25T02:42:03.737+0200][gc,phases    ] GC(0)   Evacuate Collection Set: 10,1ms
[2019-12-25T02:42:03.737+0200][gc,phases    ] GC(0)   Post Evacuate Collection Set: 0,5ms
[2019-12-25T02:42:03.737+0200][gc,phases    ] GC(0)   Other: 1,1ms
[2019-12-25T02:42:03.737+0200][gc,heap      ] GC(0) Eden regions: 51->0(44)
[2019-12-25T02:42:03.737+0200][gc,heap      ] GC(0) Survivor regions: 0->7(7)
[2019-12-25T02:42:03.737+0200][gc,heap      ] GC(0) Old regions: 2->2
[2019-12-25T02:42:03.737+0200][gc,heap      ] GC(0) Humongous regions: 0->0
[2019-12-25T02:42:03.737+0200][gc,metaspace ] GC(0) Metaspace: 15828K->15828K(1062912K)
[2019-12-25T02:42:03.737+0200][gc           ] GC(0) Pause Young (Normal) (G1 Evacuation Pause) 51M->6M(1024M) 11,737ms
[2019-12-25T02:42:03.737+0200][gc,cpu       ] GC(0) User=0,07s Sys=0,01s Real=0,01s
[2019-12-25T02:42:03.972+0200][gc,start     ] GC(1) Pause Young (Concurrent Start) (Metadata GC Threshold)
[2019-12-25T02:42:03.972+0200][gc,task      ] GC(1) Using 8 workers of 8 for evacuation
[2019-12-25T02:42:03.982+0200][gc,phases    ] GC(1)   Pre Evacuate Collection Set: 0,1ms
[2019-12-25T02:42:03.982+0200][gc,phases    ] GC(1)   Evacuate Collection Set: 8,7ms
[2019-12-25T02:42:03.982+0200][gc,phases    ] GC(1)   Post Evacuate Collection Set: 0,5ms
[2019-12-25T02:42:03.982+0200][gc,phases    ] GC(1)   Other: 0,2ms
[2019-12-25T02:42:03.982+0200][gc,heap      ] GC(1) Eden regions: 19->0(49)
[2019-12-25T02:42:03.982+0200][gc,heap      ] GC(1) Survivor regions: 7->2(7)
[2019-12-25T02:42:03.982+0200][gc,heap      ] GC(1) Old regions: 2->9
[2019-12-25T02:42:03.982+0200][gc,heap      ] GC(1) Humongous regions: 0->0
[2019-12-25T02:42:03.982+0200][gc,metaspace ] GC(1) Metaspace: 20411K->20411K(1067008K)
[2019-12-25T02:42:03.982+0200][gc           ] GC(1) Pause Young (Concurrent Start) (Metadata GC Threshold) 25M->8M(1024M) 9,574ms
[2019-12-25T02:42:03.982+0200][gc,cpu       ] GC(1) User=0,04s Sys=0,00s Real=0,01s
[2019-12-25T02:42:03.982+0200][gc           ] GC(2) Concurrent Cycle
[2019-12-25T02:42:03.982+0200][gc,marking   ] GC(2) Concurrent Clear Claimed Marks
[2019-12-25T02:42:03.982+0200][gc,marking   ] GC(2) Concurrent Clear Claimed Marks 0,075ms
[2019-12-25T02:42:03.982+0200][gc,marking   ] GC(2) Concurrent Scan Root Regions
[2019-12-25T02:42:03.983+0200][gc,marking   ] GC(2) Concurrent Scan Root Regions 0,851ms
[2019-12-25T02:42:03.983+0200][gc,marking   ] GC(2) Concurrent Mark (1,237s)
[2019-12-25T02:42:03.983+0200][gc,marking   ] GC(2) Concurrent Mark From Roots
[2019-12-25T02:42:03.983+0200][gc,task      ] GC(2) Using 2 workers of 2 for marking
[2019-12-25T02:42:03.989+0200][gc,marking   ] GC(2) Concurrent Mark From Roots 6,161ms
[2019-12-25T02:42:03.989+0200][gc,marking   ] GC(2) Concurrent Preclean
[2019-12-25T02:42:03.989+0200][gc,marking   ] GC(2) Concurrent Preclean 0,208ms
[2019-12-25T02:42:03.989+0200][gc,marking   ] GC(2) Concurrent Mark (1,237s, 1,244s) 6,421ms
[2019-12-25T02:42:03.990+0200][gc,start     ] GC(2) Pause Remark
[2019-12-25T02:42:03.991+0200][gc,stringtable] GC(2) Cleaned string and symbol table, strings: 4875 processed, 0 removed, symbols: 50385 processed, 53 removed
[2019-12-25T02:42:03.991+0200][gc            ] GC(2) Pause Remark 8M->8M(1024M) 1,495ms
[2019-12-25T02:42:03.991+0200][gc,cpu        ] GC(2) User=0,01s Sys=0,00s Real=0,00s
[2019-12-25T02:42:03.991+0200][gc,marking    ] GC(2) Concurrent Rebuild Remembered Sets
[2019-12-25T02:42:03.995+0200][gc,marking    ] GC(2) Concurrent Rebuild Remembered Sets 3,158ms
[2019-12-25T02:42:03.995+0200][gc,start      ] GC(2) Pause Cleanup
[2019-12-25T02:42:03.995+0200][gc            ] GC(2) Pause Cleanup 8M->8M(1024M) 0,235ms
[2019-12-25T02:42:03.995+0200][gc,cpu        ] GC(2) User=0,00s Sys=0,00s Real=0,00s
[2019-12-25T02:42:03.995+0200][gc,marking    ] GC(2) Concurrent Cleanup for Next Mark
[2019-12-25T02:42:03.999+0200][gc,marking    ] GC(2) Concurrent Cleanup for Next Mark 4,113ms
[2019-12-25T02:42:03.999+0200][gc            ] GC(2) Concurrent Cycle 17,419ms
[2019-12-25T02:42:04.909+0200][gc,start      ] GC(3) Pause Young (Normal) (GCLocker Initiated GC)
[2019-12-25T02:42:04.909+0200][gc,task       ] GC(3) Using 8 workers of 8 for evacuation
[2019-12-25T02:42:04.914+0200][gc,phases     ] GC(3)   Pre Evacuate Collection Set: 0,0ms
[2019-12-25T02:42:04.914+0200][gc,phases     ] GC(3)   Evacuate Collection Set: 4,2ms
[2019-12-25T02:42:04.914+0200][gc,phases     ] GC(3)   Post Evacuate Collection Set: 0,6ms
[2019-12-25T02:42:04.914+0200][gc,phases     ] GC(3)   Other: 0,2ms
[2019-12-25T02:42:04.914+0200][gc,heap       ] GC(3) Eden regions: 49->0(46)
[2019-12-25T02:42:04.914+0200][gc,heap       ] GC(3) Survivor regions: 2->5(7)
[2019-12-25T02:42:04.914+0200][gc,heap       ] GC(3) Old regions: 9->9
[2019-12-25T02:42:04.914+0200][gc,heap       ] GC(3) Humongous regions: 129->129
[2019-12-25T02:42:04.914+0200][gc,metaspace  ] GC(3) Metaspace: 28575K->28575K(1075200K)
[2019-12-25T02:42:04.914+0200][gc            ] GC(3) Pause Young (Normal) (GCLocker Initiated GC) 186M->140M(1024M) 5,127ms
[2019-12-25T02:42:04.914+0200][gc,cpu        ] GC(3) User=0,03s Sys=0,00s Real=0,00s
[2019-12-25T02:42:05.200+0200][gc,start      ] GC(4) Pause Young (Concurrent Start) (Metadata GC Threshold)
[2019-12-25T02:42:05.200+0200][gc,task       ] GC(4) Using 8 workers of 8 for evacuation
[2019-12-25T02:42:05.208+0200][gc,phases     ] GC(4)   Pre Evacuate Collection Set: 0,1ms
[2019-12-25T02:42:05.208+0200][gc,phases     ] GC(4)   Evacuate Collection Set: 7,6ms
[2019-12-25T02:42:05.208+0200][gc,phases     ] GC(4)   Post Evacuate Collection Set: 0,5ms
[2019-12-25T02:42:05.208+0200][gc,phases     ] GC(4)   Other: 0,2ms
[2019-12-25T02:42:05.208+0200][gc,heap       ] GC(4) Eden regions: 32->0(48)
[2019-12-25T02:42:05.208+0200][gc,heap       ] GC(4) Survivor regions: 5->3(7)
[2019-12-25T02:42:05.208+0200][gc,heap       ] GC(4) Old regions: 9->13
[2019-12-25T02:42:05.208+0200][gc,heap       ] GC(4) Humongous regions: 129->129
[2019-12-25T02:42:05.208+0200][gc,metaspace  ] GC(4) Metaspace: 34301K->34301K(1079296K)
[2019-12-25T02:42:05.208+0200][gc            ] GC(4) Pause Young (Concurrent Start) (Metadata GC Threshold) 172M->142M(1024M) 8,500ms
[2019-12-25T02:42:05.208+0200][gc,cpu        ] GC(4) User=0,04s Sys=0,02s Real=0,00s
[2019-12-25T02:42:05.208+0200][gc            ] GC(5) Concurrent Cycle
[2019-12-25T02:42:05.208+0200][gc,marking    ] GC(5) Concurrent Clear Claimed Marks
[2019-12-25T02:42:05.209+0200][gc,marking    ] GC(5) Concurrent Clear Claimed Marks 0,090ms
[2019-12-25T02:42:05.209+0200][gc,marking    ] GC(5) Concurrent Scan Root Regions
[2019-12-25T02:42:05.210+0200][gc,marking    ] GC(5) Concurrent Scan Root Regions 1,375ms
[2019-12-25T02:42:05.210+0200][gc,marking    ] GC(5) Concurrent Mark (2,464s)
[2019-12-25T02:42:05.210+0200][gc,marking    ] GC(5) Concurrent Mark From Roots
[2019-12-25T02:42:05.210+0200][gc,task       ] GC(5) Using 2 workers of 2 for marking
[2019-12-25T02:42:05.226+0200][gc,marking    ] GC(5) Concurrent Mark From Roots 16,117ms
[2019-12-25T02:42:05.226+0200][gc,marking    ] GC(5) Concurrent Preclean
[2019-12-25T02:42:05.226+0200][gc,marking    ] GC(5) Concurrent Preclean 0,323ms
[2019-12-25T02:42:05.226+0200][gc,marking    ] GC(5) Concurrent Mark (2,464s, 2,481s) 16,510ms
[2019-12-25T02:42:05.230+0200][gc,start      ] GC(5) Pause Remark
[2019-12-25T02:42:05.235+0200][gc,stringtable] GC(5) Cleaned string and symbol table, strings: 10971 processed, 9 removed, symbols: 78402 processed, 26 removed
[2019-12-25T02:42:05.235+0200][gc            ] GC(5) Pause Remark 143M->143M(1024M) 5,189ms
[2019-12-25T02:42:05.235+0200][gc,cpu        ] GC(5) User=0,03s Sys=0,00s Real=0,00s
[2019-12-25T02:42:05.236+0200][gc,marking    ] GC(5) Concurrent Rebuild Remembered Sets
[2019-12-25T02:42:05.243+0200][gc,marking    ] GC(5) Concurrent Rebuild Remembered Sets 7,800ms
[2019-12-25T02:42:05.244+0200][gc,start      ] GC(5) Pause Cleanup
[2019-12-25T02:42:05.244+0200][gc            ] GC(5) Pause Cleanup 143M->143M(1024M) 0,248ms
[2019-12-25T02:42:05.244+0200][gc,cpu        ] GC(5) User=0,00s Sys=0,00s Real=0,00s
[2019-12-25T02:42:05.244+0200][gc,marking    ] GC(5) Concurrent Cleanup for Next Mark
[2019-12-25T02:42:05.251+0200][gc,marking    ] GC(5) Concurrent Cleanup for Next Mark 6,717ms
[2019-12-25T02:42:05.251+0200][gc            ] GC(5) Concurrent Cycle 42,227ms
[2019-12-25T02:47:49.687+0200][gc,start      ] GC(6) Pause Young (Normal) (G1 Evacuation Pause)
[2019-12-25T02:47:49.687+0200][gc,task       ] GC(6) Using 8 workers of 8 for evacuation
[2019-12-25T02:47:49.692+0200][gc,phases     ] GC(6)   Pre Evacuate Collection Set: 0,0ms
[2019-12-25T02:47:49.692+0200][gc,phases     ] GC(6)   Evacuate Collection Set: 4,0ms
[2019-12-25T02:47:49.692+0200][gc,phases     ] GC(6)   Post Evacuate Collection Set: 0,7ms
[2019-12-25T02:47:49.692+0200][gc,phases     ] GC(6)   Other: 0,2ms
[2019-12-25T02:47:49.692+0200][gc,heap       ] GC(6) Eden regions: 48->0(46)
[2019-12-25T02:47:49.692+0200][gc,heap       ] GC(6) Survivor regions: 3->5(7)
[2019-12-25T02:47:49.692+0200][gc,heap       ] GC(6) Old regions: 13->13
[2019-12-25T02:47:49.692+0200][gc,heap       ] GC(6) Humongous regions: 147->129
[2019-12-25T02:47:49.692+0200][gc,metaspace  ] GC(6) Metaspace: 38782K->38782K(1083392K)
[2019-12-25T02:47:49.692+0200][gc            ] GC(6) Pause Young (Normal) (G1 Evacuation Pause) 208M->144M(1024M) 4,949ms
[2019-12-25T02:47:49.692+0200][gc,cpu        ] GC(6) User=0,03s Sys=0,00s Real=0,01s
[2019-12-25T02:57:46.564+0200][gc,start      ] GC(7) Pause Young (Normal) (G1 Evacuation Pause)
[2019-12-25T02:57:46.564+0200][gc,task       ] GC(7) Using 8 workers of 8 for evacuation
[2019-12-25T02:57:46.569+0200][gc,phases     ] GC(7)   Pre Evacuate Collection Set: 0,0ms
[2019-12-25T02:57:46.569+0200][gc,phases     ] GC(7)   Evacuate Collection Set: 3,8ms
[2019-12-25T02:57:46.569+0200][gc,phases     ] GC(7)   Post Evacuate Collection Set: 0,6ms
[2019-12-25T02:57:46.569+0200][gc,phases     ] GC(7)   Other: 0,2ms
[2019-12-25T02:57:46.569+0200][gc,heap       ] GC(7) Eden regions: 46->0(48)
[2019-12-25T02:57:46.569+0200][gc,heap       ] GC(7) Survivor regions: 5->3(7)
[2019-12-25T02:57:46.569+0200][gc,heap       ] GC(7) Old regions: 13->15
[2019-12-25T02:57:46.569+0200][gc,heap       ] GC(7) Humongous regions: 129->129
[2019-12-25T02:57:46.569+0200][gc,metaspace  ] GC(7) Metaspace: 39332K->39332K(1085440K)
[2019-12-25T02:57:46.569+0200][gc            ] GC(7) Pause Young (Normal) (G1 Evacuation Pause) 190M->145M(1024M) 4,787ms
[2019-12-25T02:57:46.569+0200][gc,cpu        ] GC(7) User=0,04s Sys=0,00s Real=0,00s
[2019-12-25T03:07:00.554+0200][gc,start      ] GC(8) Pause Young (Normal) (G1 Evacuation Pause)
[2019-12-25T03:07:00.554+0200][gc,task       ] GC(8) Using 8 workers of 8 for evacuation
[2019-12-25T03:07:00.565+0200][gc,phases     ] GC(8)   Pre Evacuate Collection Set: 0,1ms
[2019-12-25T03:07:00.565+0200][gc,phases     ] GC(8)   Evacuate Collection Set: 8,5ms
[2019-12-25T03:07:00.565+0200][gc,phases     ] GC(8)   Post Evacuate Collection Set: 1,8ms
[2019-12-25T03:07:00.565+0200][gc,phases     ] GC(8)   Other: 0,4ms
[2019-12-25T03:07:00.565+0200][gc,heap       ] GC(8) Eden regions: 48->0(47)
[2019-12-25T03:07:00.565+0200][gc,heap       ] GC(8) Survivor regions: 3->4(7)
[2019-12-25T03:07:00.565+0200][gc,heap       ] GC(8) Old regions: 15->15
[2019-12-25T03:07:00.565+0200][gc,heap       ] GC(8) Humongous regions: 129->129
[2019-12-25T03:07:00.565+0200][gc,metaspace  ] GC(8) Metaspace: 39579K->39579K(1085440K)
[2019-12-25T03:07:00.565+0200][gc            ] GC(8) Pause Young (Normal) (G1 Evacuation Pause) 193M->145M(1024M) 11,078ms
[2019-12-25T03:07:00.565+0200][gc,cpu        ] GC(8) User=0,06s Sys=0,00s Real=0,01s
[2019-12-25T04:38:59.560+0200][gc,start      ] GC(9) Pause Young (Normal) (G1 Evacuation Pause)
[2019-12-25T04:38:59.560+0200][gc,task       ] GC(9) Using 8 workers of 8 for evacuation
[2019-12-25T04:38:59.566+0200][gc,phases     ] GC(9)   Pre Evacuate Collection Set: 0,0ms
[2019-12-25T04:38:59.566+0200][gc,phases     ] GC(9)   Evacuate Collection Set: 4,6ms
[2019-12-25T04:38:59.566+0200][gc,phases     ] GC(9)   Post Evacuate Collection Set: 0,9ms
[2019-12-25T04:38:59.566+0200][gc,phases     ] GC(9)   Other: 0,3ms
[2019-12-25T04:38:59.566+0200][gc,heap       ] GC(9) Eden regions: 47->0(47)
[2019-12-25T04:38:59.566+0200][gc,heap       ] GC(9) Survivor regions: 4->5(7)
[2019-12-25T04:38:59.566+0200][gc,heap       ] GC(9) Old regions: 15->15
[2019-12-25T04:38:59.566+0200][gc,heap       ] GC(9) Humongous regions: 129->129
[2019-12-25T04:38:59.566+0200][gc,metaspace  ] GC(9) Metaspace: 39745K->39745K(1085440K)
[2019-12-25T04:38:59.566+0200][gc            ] GC(9) Pause Young (Normal) (G1 Evacuation Pause) 192M->146M(1024M) 5,858ms
[2019-12-25T04:38:59.566+0200][gc,cpu        ] GC(9) User=0,03s Sys=0,00s Real=0,00s
[2019-12-25T04:39:02.020+0200][gc,start      ] GC(10) Pause Young (Normal) (G1 Evacuation Pause)
[2019-12-25T04:39:02.020+0200][gc,task       ] GC(10) Using 8 workers of 8 for evacuation
[2019-12-25T04:39:02.025+0200][gc,phases     ] GC(10)   Pre Evacuate Collection Set: 0,0ms
[2019-12-25T04:39:02.025+0200][gc,phases     ] GC(10)   Evacuate Collection Set: 3,3ms
[2019-12-25T04:39:02.025+0200][gc,phases     ] GC(10)   Post Evacuate Collection Set: 1,6ms
[2019-12-25T04:39:02.025+0200][gc,phases     ] GC(10)   Other: 0,2ms
[2019-12-25T04:39:02.025+0200][gc,heap       ] GC(10) Eden regions: 47->0(61)
[2019-12-25T04:39:02.025+0200][gc,heap       ] GC(10) Survivor regions: 5->4(7)
[2019-12-25T04:39:02.025+0200][gc,heap       ] GC(10) Old regions: 15->16
[2019-12-25T04:39:02.025+0200][gc,heap       ] GC(10) Humongous regions: 129->129
[2019-12-25T04:39:02.025+0200][gc,metaspace  ] GC(10) Metaspace: 39748K->39748K(1085440K)
[2019-12-25T04:39:02.025+0200][gc            ] GC(10) Pause Young (Normal) (G1 Evacuation Pause) 193M->146M(1024M) 5,181ms
[2019-12-25T04:39:02.025+0200][gc,cpu        ] GC(10) User=0,04s Sys=0,00s Real=0,00s
[2019-12-25T04:53:34.482+0200][gc,start      ] GC(11) Pause Young (Normal) (G1 Evacuation Pause)
[2019-12-25T04:53:34.482+0200][gc,task       ] GC(11) Using 8 workers of 8 for evacuation
[2019-12-25T04:53:34.494+0200][gc,phases     ] GC(11)   Pre Evacuate Collection Set: 0,0ms
[2019-12-25T04:53:34.494+0200][gc,phases     ] GC(11)   Evacuate Collection Set: 8,9ms
[2019-12-25T04:53:34.494+0200][gc,phases     ] GC(11)   Post Evacuate Collection Set: 3,1ms
[2019-12-25T04:53:34.494+0200][gc,phases     ] GC(11)   Other: 0,4ms
[2019-12-25T04:53:34.494+0200][gc,heap       ] GC(11) Eden regions: 61->0(110)
[2019-12-25T04:53:34.494+0200][gc,heap       ] GC(11) Survivor regions: 4->4(9)
[2019-12-25T04:53:34.494+0200][gc,heap       ] GC(11) Old regions: 16->16
[2019-12-25T04:53:34.494+0200][gc,heap       ] GC(11) Humongous regions: 129->129
[2019-12-25T04:53:34.494+0200][gc,metaspace  ] GC(11) Metaspace: 39971K->39971K(1085440K)
[2019-12-25T04:53:34.494+0200][gc            ] GC(11) Pause Young (Normal) (G1 Evacuation Pause) 207M->146M(1024M) 12,658ms
[2019-12-25T04:53:34.494+0200][gc,cpu        ] GC(11) User=0,06s Sys=0,00s Real=0,01s
[2019-12-25T05:36:02.142+0200][gc,start      ] GC(12) Pause Young (Normal) (G1 Evacuation Pause)
[2019-12-25T05:36:02.142+0200][gc,task       ] GC(12) Using 8 workers of 8 for evacuation
[2019-12-25T05:36:02.155+0200][gc,phases     ] GC(12)   Pre Evacuate Collection Set: 0,0ms
[2019-12-25T05:36:02.155+0200][gc,phases     ] GC(12)   Evacuate Collection Set: 7,8ms
[2019-12-25T05:36:02.155+0200][gc,phases     ] GC(12)   Post Evacuate Collection Set: 4,6ms
[2019-12-25T05:36:02.155+0200][gc,phases     ] GC(12)   Other: 0,5ms
[2019-12-25T05:36:02.155+0200][gc,heap       ] GC(12) Eden regions: 110->0(179)
[2019-12-25T05:36:02.155+0200][gc,heap       ] GC(12) Survivor regions: 4->4(15)
[2019-12-25T05:36:02.155+0200][gc,heap       ] GC(12) Old regions: 16->16
[2019-12-25T05:36:02.155+0200][gc,heap       ] GC(12) Humongous regions: 129->129
[2019-12-25T05:36:02.155+0200][gc,metaspace  ] GC(12) Metaspace: 40035K->40035K(1085440K)
[2019-12-25T05:36:02.155+0200][gc            ] GC(12) Pause Young (Normal) (G1 Evacuation Pause) 256M->146M(1024M) 13,300ms
[2019-12-25T05:36:02.155+0200][gc,cpu        ] GC(12) User=0,08s Sys=0,00s Real=0,01s
[2019-12-25T14:53:19.538+0200][gc,start      ] GC(13) Pause Young (Normal) (G1 Evacuation Pause)
[2019-12-25T14:53:19.538+0200][gc,task       ] GC(13) Using 8 workers of 8 for evacuation
[2019-12-25T14:53:19.544+0200][gc,phases     ] GC(13)   Pre Evacuate Collection Set: 0,1ms
[2019-12-25T14:53:19.544+0200][gc,phases     ] GC(13)   Evacuate Collection Set: 5,5ms
[2019-12-25T14:53:19.544+0200][gc,phases     ] GC(13)   Post Evacuate Collection Set: 0,7ms
[2019-12-25T14:53:19.544+0200][gc,phases     ] GC(13)   Other: 0,5ms
[2019-12-25T14:53:19.544+0200][gc,heap       ] GC(13) Eden regions: 179->0(316)
[2019-12-25T14:53:19.544+0200][gc,heap       ] GC(13) Survivor regions: 4->4(23)
[2019-12-25T14:53:19.544+0200][gc,heap       ] GC(13) Old regions: 16->16
[2019-12-25T14:53:19.544+0200][gc,heap       ] GC(13) Humongous regions: 129->129
[2019-12-25T14:53:19.544+0200][gc,metaspace  ] GC(13) Metaspace: 40120K->40120K(1085440K)
[2019-12-25T14:53:19.544+0200][gc            ] GC(13) Pause Young (Normal) (G1 Evacuation Pause) 325M->146M(1024M) 6,845ms
[2019-12-25T14:53:19.545+0200][gc,cpu        ] GC(13) User=0,04s Sys=0,01s Real=0,00s
[2019-12-25T16:57:53.967+0200][gc,start      ] GC(14) Pause Young (Normal) (G1 Evacuation Pause)
[2019-12-25T16:57:53.967+0200][gc,task       ] GC(14) Using 8 workers of 8 for evacuation
[2019-12-25T16:57:53.980+0200][gc,phases     ] GC(14)   Pre Evacuate Collection Set: 0,1ms
[2019-12-25T16:57:53.980+0200][gc,phases     ] GC(14)   Evacuate Collection Set: 8,1ms
[2019-12-25T16:57:53.980+0200][gc,phases     ] GC(14)   Post Evacuate Collection Set: 4,3ms
[2019-12-25T16:57:53.980+0200][gc,phases     ] GC(14)   Other: 1,0ms
[2019-12-25T16:57:53.980+0200][gc,heap       ] GC(14) Eden regions: 316->0(354)
[2019-12-25T16:57:53.980+0200][gc,heap       ] GC(14) Survivor regions: 4->4(40)
[2019-12-25T16:57:53.980+0200][gc,heap       ] GC(14) Old regions: 16->16
[2019-12-25T16:57:53.980+0200][gc,heap       ] GC(14) Humongous regions: 129->129
[2019-12-25T16:57:53.980+0200][gc,metaspace  ] GC(14) Metaspace: 40183K->40183K(1085440K)
[2019-12-25T16:57:53.980+0200][gc            ] GC(14) Pause Young (Normal) (G1 Evacuation Pause) 462M->146M(1024M) 13,873ms
[2019-12-25T16:57:53.980+0200][gc,cpu        ] GC(14) User=0,08s Sys=0,00s Real=0,01s
[2019-12-25T19:18:42.886+0200][gc,start      ] GC(15) Pause Young (Normal) (G1 Evacuation Pause)
[2019-12-25T19:18:42.886+0200][gc,task       ] GC(15) Using 8 workers of 8 for evacuation
[2019-12-25T19:18:42.893+0200][gc,phases     ] GC(15)   Pre Evacuate Collection Set: 0,0ms
[2019-12-25T19:18:42.893+0200][gc,phases     ] GC(15)   Evacuate Collection Set: 5,8ms
[2019-12-25T19:18:42.893+0200][gc,phases     ] GC(15)   Post Evacuate Collection Set: 0,8ms
[2019-12-25T19:18:42.893+0200][gc,phases     ] GC(15)   Other: 0,5ms
[2019-12-25T19:18:42.893+0200][gc,heap       ] GC(15) Eden regions: 354->0(446)
[2019-12-25T19:18:42.893+0200][gc,heap       ] GC(15) Survivor regions: 4->4(45)
[2019-12-25T19:18:42.893+0200][gc,heap       ] GC(15) Old regions: 16->16
[2019-12-25T19:18:42.893+0200][gc,heap       ] GC(15) Humongous regions: 129->129
[2019-12-25T19:18:42.893+0200][gc,metaspace  ] GC(15) Metaspace: 40203K->40203K(1085440K)
[2019-12-25T19:18:42.893+0200][gc            ] GC(15) Pause Young (Normal) (G1 Evacuation Pause) 500M->146M(1024M) 7,155ms
[2019-12-25T19:18:42.893+0200][gc,cpu        ] GC(15) User=0,04s Sys=0,00s Real=0,00s
[2019-12-25T23:23:26.529+0200][gc,start      ] GC(16) Pause Young (Normal) (G1 Evacuation Pause)
[2019-12-25T23:23:26.529+0200][gc,task       ] GC(16) Using 8 workers of 8 for evacuation
[2019-12-25T23:23:26.536+0200][gc,phases     ] GC(16)   Pre Evacuate Collection Set: 0,0ms
[2019-12-25T23:23:26.536+0200][gc,phases     ] GC(16)   Evacuate Collection Set: 5,4ms
[2019-12-25T23:23:26.536+0200][gc,phases     ] GC(16)   Post Evacuate Collection Set: 0,8ms
[2019-12-25T23:23:26.536+0200][gc,phases     ] GC(16)   Other: 0,4ms
[2019-12-25T23:23:26.536+0200][gc,heap       ] GC(16) Eden regions: 446->0(504)
[2019-12-25T23:23:26.536+0200][gc,heap       ] GC(16) Survivor regions: 4->4(57)
[2019-12-25T23:23:26.536+0200][gc,heap       ] GC(16) Old regions: 16->16
[2019-12-25T23:23:26.536+0200][gc,heap       ] GC(16) Humongous regions: 129->129
[2019-12-25T23:23:26.536+0200][gc,metaspace  ] GC(16) Metaspace: 40249K->40249K(1085440K)
[2019-12-25T23:23:26.536+0200][gc            ] GC(16) Pause Young (Normal) (G1 Evacuation Pause) 592M->146M(1024M) 6,744ms
[2019-12-25T23:23:26.536+0200][gc,cpu        ] GC(16) User=0,04s Sys=0,00s Real=0,01s
[2019-12-26T02:44:10.176+0200][gc,start      ] GC(17) Pause Young (Normal) (G1 Evacuation Pause)
[2019-12-26T02:44:10.176+0200][gc,task       ] GC(17) Using 8 workers of 8 for evacuation
[2019-12-26T02:44:10.183+0200][gc,phases     ] GC(17)   Pre Evacuate Collection Set: 0,0ms
[2019-12-26T02:44:10.183+0200][gc,phases     ] GC(17)   Evacuate Collection Set: 5,5ms
[2019-12-26T02:44:10.183+0200][gc,phases     ] GC(17)   Post Evacuate Collection Set: 0,9ms
[2019-12-26T02:44:10.183+0200][gc,phases     ] GC(17)   Other: 0,5ms
[2019-12-26T02:44:10.183+0200][gc,heap       ] GC(17) Eden regions: 504->0(592)
[2019-12-26T02:44:10.183+0200][gc,heap       ] GC(17) Survivor regions: 4->4(64)
[2019-12-26T02:44:10.183+0200][gc,heap       ] GC(17) Old regions: 16->16
[2019-12-26T02:44:10.183+0200][gc,heap       ] GC(17) Humongous regions: 129->129
[2019-12-26T02:44:10.183+0200][gc,metaspace  ] GC(17) Metaspace: 40279K->40279K(1085440K)
[2019-12-26T02:44:10.183+0200][gc            ] GC(17) Pause Young (Normal) (G1 Evacuation Pause) 650M->146M(1024M) 7,006ms
[2019-12-26T02:44:10.183+0200][gc,cpu        ] GC(17) User=0,05s Sys=0,00s Real=0,00s
[2019-12-26T02:53:54.802+0200][gc,heap,exit  ] Heap
[2019-12-26T02:53:54.802+0200][gc,heap,exit  ]  garbage-first heap   total 1048576K, used 189969K [0x00000000c0000000, 0x0000000100000000)
[2019-12-26T02:53:54.802+0200][gc,heap,exit  ]   region size 1024K, 44 young (45056K), 4 survivors (4096K)
[2019-12-26T02:53:54.802+0200][gc,heap,exit  ]  Metaspace       used 40990K, capacity 43705K, committed 43824K, reserved 1085440K
[2019-12-26T02:53:54.802+0200][gc,heap,exit  ]   class space    used 5699K, capacity 6985K, committed 7040K, reserved 1048576K
