[2019-12-25T02:41:43.332+0200][gc,heap] Heap region size: 1M
[2019-12-25T02:41:43.346+0200][gc     ] Using G1
[2019-12-25T02:41:43.346+0200][gc,heap,coops] Heap address: 0x00000000c0000000, size: 1024 MB, Compressed Oops mode: 32-bit
[2019-12-25T02:41:43.347+0200][gc,cds       ] Mark closed archive regions in map: [0x00000000fff00000, 0x00000000fff69ff8]
[2019-12-25T02:41:43.347+0200][gc,cds       ] Mark open archive regions in map: [0x00000000ffe00000, 0x00000000ffe43ff8]
[2019-12-25T02:41:46.215+0200][gc,heap,exit ] Heap
[2019-12-25T02:41:46.215+0200][gc,heap,exit ]  garbage-first heap   total 1048576K, used 47800K [0x00000000c0000000, 0x0000000100000000)
[2019-12-25T02:41:46.215+0200][gc,heap,exit ]   region size 1024K, 47 young (48128K), 0 survivors (0K)
[2019-12-25T02:41:46.215+0200][gc,heap,exit ]  Metaspace       used 14175K, capacity 14632K, committed 14848K, reserved 1062912K
[2019-12-25T02:41:46.215+0200][gc,heap,exit ]   class space    used 1975K, capacity 2196K, committed 2304K, reserved 1048576K
