[2019-12-26T17:26:58.545+0200][gc,heap] Heap region size: 1M
[2019-12-26T17:26:58.561+0200][gc     ] Using G1
[2019-12-26T17:26:58.561+0200][gc,heap,coops] Heap address: 0x00000000c0000000, size: 1024 MB, Compressed Oops mode: 32-bit
[2019-12-26T17:26:58.562+0200][gc,cds       ] Mark closed archive regions in map: [0x00000000fff00000, 0x00000000fff69ff8]
[2019-12-26T17:26:58.562+0200][gc,cds       ] Mark open archive regions in map: [0x00000000ffe00000, 0x00000000ffe43ff8]
[2019-12-26T17:26:59.574+0200][gc,start     ] GC(0) Pause Young (Normal) (G1 Evacuation Pause)
[2019-12-26T17:26:59.574+0200][gc,task      ] GC(0) Using 8 workers of 8 for evacuation
[2019-12-26T17:26:59.584+0200][gc,phases    ] GC(0)   Pre Evacuate Collection Set: 0,0ms
[2019-12-26T17:26:59.584+0200][gc,phases    ] GC(0)   Evacuate Collection Set: 9,2ms
[2019-12-26T17:26:59.584+0200][gc,phases    ] GC(0)   Post Evacuate Collection Set: 0,5ms
[2019-12-26T17:26:59.584+0200][gc,phases    ] GC(0)   Other: 0,7ms
[2019-12-26T17:26:59.584+0200][gc,heap      ] GC(0) Eden regions: 51->0(44)
[2019-12-26T17:26:59.584+0200][gc,heap      ] GC(0) Survivor regions: 0->7(7)
[2019-12-26T17:26:59.584+0200][gc,heap      ] GC(0) Old regions: 2->2
[2019-12-26T17:26:59.584+0200][gc,heap      ] GC(0) Humongous regions: 0->0
[2019-12-26T17:26:59.584+0200][gc,metaspace ] GC(0) Metaspace: 15835K->15835K(1062912K)
[2019-12-26T17:26:59.584+0200][gc           ] GC(0) Pause Young (Normal) (G1 Evacuation Pause) 51M->7M(1024M) 10,426ms
[2019-12-26T17:26:59.584+0200][gc,cpu       ] GC(0) User=0,07s Sys=0,01s Real=0,01s
[2019-12-26T17:26:59.819+0200][gc,start     ] GC(1) Pause Young (Concurrent Start) (Metadata GC Threshold)
[2019-12-26T17:26:59.819+0200][gc,task      ] GC(1) Using 8 workers of 8 for evacuation
[2019-12-26T17:26:59.828+0200][gc,phases    ] GC(1)   Pre Evacuate Collection Set: 0,1ms
[2019-12-26T17:26:59.828+0200][gc,phases    ] GC(1)   Evacuate Collection Set: 8,2ms
[2019-12-26T17:26:59.828+0200][gc,phases    ] GC(1)   Post Evacuate Collection Set: 0,5ms
[2019-12-26T17:26:59.828+0200][gc,phases    ] GC(1)   Other: 0,2ms
[2019-12-26T17:26:59.828+0200][gc,heap      ] GC(1) Eden regions: 18->0(50)
[2019-12-26T17:26:59.828+0200][gc,heap      ] GC(1) Survivor regions: 7->1(7)
[2019-12-26T17:26:59.828+0200][gc,heap      ] GC(1) Old regions: 2->9
[2019-12-26T17:26:59.828+0200][gc,heap      ] GC(1) Humongous regions: 0->0
[2019-12-26T17:26:59.828+0200][gc,metaspace ] GC(1) Metaspace: 20311K->20311K(1067008K)
[2019-12-26T17:26:59.828+0200][gc           ] GC(1) Pause Young (Concurrent Start) (Metadata GC Threshold) 25M->7M(1024M) 9,094ms
[2019-12-26T17:26:59.828+0200][gc,cpu       ] GC(1) User=0,05s Sys=0,00s Real=0,01s
[2019-12-26T17:26:59.828+0200][gc           ] GC(2) Concurrent Cycle
[2019-12-26T17:26:59.828+0200][gc,marking   ] GC(2) Concurrent Clear Claimed Marks
[2019-12-26T17:26:59.828+0200][gc,marking   ] GC(2) Concurrent Clear Claimed Marks 0,029ms
[2019-12-26T17:26:59.828+0200][gc,marking   ] GC(2) Concurrent Scan Root Regions
[2019-12-26T17:26:59.829+0200][gc,marking   ] GC(2) Concurrent Scan Root Regions 0,843ms
[2019-12-26T17:26:59.829+0200][gc,marking   ] GC(2) Concurrent Mark (1,289s)
[2019-12-26T17:26:59.829+0200][gc,marking   ] GC(2) Concurrent Mark From Roots
[2019-12-26T17:26:59.829+0200][gc,task      ] GC(2) Using 2 workers of 2 for marking
[2019-12-26T17:26:59.835+0200][gc,marking   ] GC(2) Concurrent Mark From Roots 5,882ms
[2019-12-26T17:26:59.835+0200][gc,marking   ] GC(2) Concurrent Preclean
[2019-12-26T17:26:59.835+0200][gc,marking   ] GC(2) Concurrent Preclean 0,141ms
[2019-12-26T17:26:59.835+0200][gc,marking   ] GC(2) Concurrent Mark (1,289s, 1,295s) 6,067ms
[2019-12-26T17:26:59.836+0200][gc,start     ] GC(2) Pause Remark
[2019-12-26T17:26:59.838+0200][gc,stringtable] GC(2) Cleaned string and symbol table, strings: 4863 processed, 0 removed, symbols: 49965 processed, 54 removed
[2019-12-26T17:26:59.838+0200][gc            ] GC(2) Pause Remark 8M->8M(1024M) 2,255ms
[2019-12-26T17:26:59.838+0200][gc,cpu        ] GC(2) User=0,02s Sys=0,00s Real=0,00s
[2019-12-26T17:26:59.838+0200][gc,marking    ] GC(2) Concurrent Rebuild Remembered Sets
[2019-12-26T17:26:59.841+0200][gc,marking    ] GC(2) Concurrent Rebuild Remembered Sets 2,854ms
[2019-12-26T17:26:59.841+0200][gc,start      ] GC(2) Pause Cleanup
[2019-12-26T17:26:59.841+0200][gc            ] GC(2) Pause Cleanup 8M->8M(1024M) 0,193ms
[2019-12-26T17:26:59.841+0200][gc,cpu        ] GC(2) User=0,00s Sys=0,00s Real=0,00s
[2019-12-26T17:26:59.841+0200][gc,marking    ] GC(2) Concurrent Cleanup for Next Mark
[2019-12-26T17:26:59.846+0200][gc,marking    ] GC(2) Concurrent Cleanup for Next Mark 4,415ms
[2019-12-26T17:26:59.846+0200][gc            ] GC(2) Concurrent Cycle 17,991ms
[2019-12-26T17:27:00.815+0200][gc,start      ] GC(3) Pause Young (Normal) (G1 Evacuation Pause)
[2019-12-26T17:27:00.815+0200][gc,task       ] GC(3) Using 8 workers of 8 for evacuation
[2019-12-26T17:27:00.820+0200][gc,phases     ] GC(3)   Pre Evacuate Collection Set: 0,0ms
[2019-12-26T17:27:00.820+0200][gc,phases     ] GC(3)   Evacuate Collection Set: 3,9ms
[2019-12-26T17:27:00.820+0200][gc,phases     ] GC(3)   Post Evacuate Collection Set: 0,5ms
[2019-12-26T17:27:00.820+0200][gc,phases     ] GC(3)   Other: 0,1ms
[2019-12-26T17:27:00.820+0200][gc,heap       ] GC(3) Eden regions: 50->0(46)
[2019-12-26T17:27:00.820+0200][gc,heap       ] GC(3) Survivor regions: 1->5(7)
[2019-12-26T17:27:00.820+0200][gc,heap       ] GC(3) Old regions: 9->9
[2019-12-26T17:27:00.820+0200][gc,heap       ] GC(3) Humongous regions: 129->129
[2019-12-26T17:27:00.820+0200][gc,metaspace  ] GC(3) Metaspace: 28566K->28566K(1075200K)
[2019-12-26T17:27:00.820+0200][gc            ] GC(3) Pause Young (Normal) (G1 Evacuation Pause) 186M->140M(1024M) 4,651ms
[2019-12-26T17:27:00.820+0200][gc,cpu        ] GC(3) User=0,03s Sys=0,00s Real=0,00s
[2019-12-26T17:27:01.074+0200][gc,start      ] GC(4) Pause Young (Concurrent Start) (Metadata GC Threshold)
[2019-12-26T17:27:01.074+0200][gc,task       ] GC(4) Using 8 workers of 8 for evacuation
[2019-12-26T17:27:01.082+0200][gc,phases     ] GC(4)   Pre Evacuate Collection Set: 0,1ms
[2019-12-26T17:27:01.082+0200][gc,phases     ] GC(4)   Evacuate Collection Set: 7,4ms
[2019-12-26T17:27:01.082+0200][gc,phases     ] GC(4)   Post Evacuate Collection Set: 0,5ms
[2019-12-26T17:27:01.083+0200][gc,phases     ] GC(4)   Other: 0,2ms
[2019-12-26T17:27:01.083+0200][gc,heap       ] GC(4) Eden regions: 26->0(49)
[2019-12-26T17:27:01.083+0200][gc,heap       ] GC(4) Survivor regions: 5->2(7)
[2019-12-26T17:27:01.083+0200][gc,heap       ] GC(4) Old regions: 9->13
[2019-12-26T17:27:01.083+0200][gc,heap       ] GC(4) Humongous regions: 129->129
[2019-12-26T17:27:01.083+0200][gc,metaspace  ] GC(4) Metaspace: 33919K->33919K(1079296K)
[2019-12-26T17:27:01.083+0200][gc            ] GC(4) Pause Young (Concurrent Start) (Metadata GC Threshold) 166M->142M(1024M) 8,280ms
[2019-12-26T17:27:01.083+0200][gc,cpu        ] GC(4) User=0,05s Sys=0,00s Real=0,01s
[2019-12-26T17:27:01.083+0200][gc            ] GC(5) Concurrent Cycle
[2019-12-26T17:27:01.083+0200][gc,marking    ] GC(5) Concurrent Clear Claimed Marks
[2019-12-26T17:27:01.083+0200][gc,marking    ] GC(5) Concurrent Clear Claimed Marks 0,089ms
[2019-12-26T17:27:01.083+0200][gc,marking    ] GC(5) Concurrent Scan Root Regions
[2019-12-26T17:27:01.084+0200][gc,marking    ] GC(5) Concurrent Scan Root Regions 1,371ms
[2019-12-26T17:27:01.084+0200][gc,marking    ] GC(5) Concurrent Mark (2,544s)
[2019-12-26T17:27:01.084+0200][gc,marking    ] GC(5) Concurrent Mark From Roots
[2019-12-26T17:27:01.084+0200][gc,task       ] GC(5) Using 2 workers of 2 for marking
[2019-12-26T17:27:01.098+0200][gc,marking    ] GC(5) Concurrent Mark From Roots 13,665ms
[2019-12-26T17:27:01.098+0200][gc,marking    ] GC(5) Concurrent Preclean
[2019-12-26T17:27:01.098+0200][gc,marking    ] GC(5) Concurrent Preclean 0,259ms
[2019-12-26T17:27:01.098+0200][gc,marking    ] GC(5) Concurrent Mark (2,544s, 2,558s) 13,994ms
[2019-12-26T17:27:01.098+0200][gc,start      ] GC(5) Pause Remark
[2019-12-26T17:27:01.101+0200][gc,stringtable] GC(5) Cleaned string and symbol table, strings: 10569 processed, 9 removed, symbols: 77724 processed, 27 removed
[2019-12-26T17:27:01.102+0200][gc            ] GC(5) Pause Remark 143M->143M(1024M) 3,458ms
[2019-12-26T17:27:01.102+0200][gc,cpu        ] GC(5) User=0,02s Sys=0,00s Real=0,01s
[2019-12-26T17:27:01.102+0200][gc,marking    ] GC(5) Concurrent Rebuild Remembered Sets
[2019-12-26T17:27:01.111+0200][gc,marking    ] GC(5) Concurrent Rebuild Remembered Sets 9,051ms
[2019-12-26T17:27:01.112+0200][gc,start      ] GC(5) Pause Cleanup
[2019-12-26T17:27:01.112+0200][gc            ] GC(5) Pause Cleanup 144M->144M(1024M) 0,244ms
[2019-12-26T17:27:01.113+0200][gc,cpu        ] GC(5) User=0,00s Sys=0,00s Real=0,00s
[2019-12-26T17:27:01.113+0200][gc,marking    ] GC(5) Concurrent Cleanup for Next Mark
[2019-12-26T17:27:01.118+0200][gc,marking    ] GC(5) Concurrent Cleanup for Next Mark 5,382ms
[2019-12-26T17:27:01.118+0200][gc            ] GC(5) Concurrent Cycle 35,357ms
[2019-12-26T17:31:30.342+0200][gc,start      ] GC(6) Pause Young (Normal) (G1 Evacuation Pause)
[2019-12-26T17:31:30.342+0200][gc,task       ] GC(6) Using 8 workers of 8 for evacuation
[2019-12-26T17:31:30.350+0200][gc,phases     ] GC(6)   Pre Evacuate Collection Set: 0,1ms
[2019-12-26T17:31:30.350+0200][gc,phases     ] GC(6)   Evacuate Collection Set: 7,1ms
[2019-12-26T17:31:30.350+0200][gc,phases     ] GC(6)   Post Evacuate Collection Set: 0,7ms
[2019-12-26T17:31:30.351+0200][gc,phases     ] GC(6)   Other: 0,4ms
[2019-12-26T17:31:30.351+0200][gc,heap       ] GC(6) Eden regions: 49->0(46)
[2019-12-26T17:31:30.351+0200][gc,heap       ] GC(6) Survivor regions: 2->5(7)
[2019-12-26T17:31:30.351+0200][gc,heap       ] GC(6) Old regions: 13->13
[2019-12-26T17:31:30.351+0200][gc,heap       ] GC(6) Humongous regions: 159->129
[2019-12-26T17:31:30.351+0200][gc,metaspace  ] GC(6) Metaspace: 38576K->38576K(1083392K)
[2019-12-26T17:31:30.351+0200][gc            ] GC(6) Pause Young (Normal) (G1 Evacuation Pause) 221M->144M(1024M) 8,310ms
[2019-12-26T17:31:30.351+0200][gc,cpu        ] GC(6) User=0,06s Sys=0,00s Real=0,00s
[2019-12-26T18:04:18.228+0200][gc,start      ] GC(7) Pause Young (Normal) (G1 Evacuation Pause)
[2019-12-26T18:04:18.228+0200][gc,task       ] GC(7) Using 8 workers of 8 for evacuation
[2019-12-26T18:04:18.236+0200][gc,phases     ] GC(7)   Pre Evacuate Collection Set: 0,0ms
[2019-12-26T18:04:18.236+0200][gc,phases     ] GC(7)   Evacuate Collection Set: 6,7ms
[2019-12-26T18:04:18.236+0200][gc,phases     ] GC(7)   Post Evacuate Collection Set: 0,6ms
[2019-12-26T18:04:18.236+0200][gc,phases     ] GC(7)   Other: 0,4ms
[2019-12-26T18:04:18.236+0200][gc,heap       ] GC(7) Eden regions: 46->0(47)
[2019-12-26T18:04:18.236+0200][gc,heap       ] GC(7) Survivor regions: 5->4(7)
[2019-12-26T18:04:18.236+0200][gc,heap       ] GC(7) Old regions: 13->15
[2019-12-26T18:04:18.236+0200][gc,heap       ] GC(7) Humongous regions: 129->129
[2019-12-26T18:04:18.236+0200][gc,metaspace  ] GC(7) Metaspace: 39103K->39103K(1085440K)
[2019-12-26T18:04:18.236+0200][gc            ] GC(7) Pause Young (Normal) (G1 Evacuation Pause) 190M->145M(1024M) 7,757ms
[2019-12-26T18:04:18.236+0200][gc,cpu        ] GC(7) User=0,05s Sys=0,00s Real=0,01s
[2019-12-26T18:15:50.404+0200][gc,start      ] GC(8) Pause Young (Normal) (G1 Evacuation Pause)
[2019-12-26T18:15:50.404+0200][gc,task       ] GC(8) Using 8 workers of 8 for evacuation
[2019-12-26T18:15:50.411+0200][gc,phases     ] GC(8)   Pre Evacuate Collection Set: 0,1ms
[2019-12-26T18:15:50.411+0200][gc,phases     ] GC(8)   Evacuate Collection Set: 5,5ms
[2019-12-26T18:15:50.411+0200][gc,phases     ] GC(8)   Post Evacuate Collection Set: 0,6ms
[2019-12-26T18:15:50.411+0200][gc,phases     ] GC(8)   Other: 0,5ms
[2019-12-26T18:15:50.411+0200][gc,heap       ] GC(8) Eden regions: 47->0(49)
[2019-12-26T18:15:50.411+0200][gc,heap       ] GC(8) Survivor regions: 4->2(7)
[2019-12-26T18:15:50.411+0200][gc,heap       ] GC(8) Old regions: 15->16
[2019-12-26T18:15:50.411+0200][gc,heap       ] GC(8) Humongous regions: 129->129
[2019-12-26T18:15:50.411+0200][gc,metaspace  ] GC(8) Metaspace: 39188K->39188K(1085440K)
[2019-12-26T18:15:50.411+0200][gc            ] GC(8) Pause Young (Normal) (G1 Evacuation Pause) 192M->145M(1024M) 6,770ms
[2019-12-26T18:15:50.411+0200][gc,cpu        ] GC(8) User=0,03s Sys=0,00s Real=0,00s
[2019-12-26T18:28:31.944+0200][gc,start      ] GC(9) Pause Young (Normal) (G1 Evacuation Pause)
[2019-12-26T18:28:31.944+0200][gc,task       ] GC(9) Using 8 workers of 8 for evacuation
[2019-12-26T18:28:31.951+0200][gc,phases     ] GC(9)   Pre Evacuate Collection Set: 0,0ms
[2019-12-26T18:28:31.951+0200][gc,phases     ] GC(9)   Evacuate Collection Set: 5,2ms
[2019-12-26T18:28:31.951+0200][gc,phases     ] GC(9)   Post Evacuate Collection Set: 1,1ms
[2019-12-26T18:28:31.951+0200][gc,phases     ] GC(9)   Other: 0,4ms
[2019-12-26T18:28:31.951+0200][gc,heap       ] GC(9) Eden regions: 49->0(52)
[2019-12-26T18:28:31.951+0200][gc,heap       ] GC(9) Survivor regions: 2->3(7)
[2019-12-26T18:28:31.951+0200][gc,heap       ] GC(9) Old regions: 16->16
[2019-12-26T18:28:31.951+0200][gc,heap       ] GC(9) Humongous regions: 129->129
[2019-12-26T18:28:31.951+0200][gc,metaspace  ] GC(9) Metaspace: 39229K->39229K(1085440K)
[2019-12-26T18:28:31.951+0200][gc            ] GC(9) Pause Young (Normal) (G1 Evacuation Pause) 194M->145M(1024M) 6,821ms
[2019-12-26T18:28:31.951+0200][gc,cpu        ] GC(9) User=0,05s Sys=0,00s Real=0,00s
[2019-12-26T18:42:18.474+0200][gc,start      ] GC(10) Pause Young (Normal) (G1 Evacuation Pause)
[2019-12-26T18:42:18.474+0200][gc,task       ] GC(10) Using 8 workers of 8 for evacuation
[2019-12-26T18:42:18.482+0200][gc,phases     ] GC(10)   Pre Evacuate Collection Set: 0,1ms
[2019-12-26T18:42:18.482+0200][gc,phases     ] GC(10)   Evacuate Collection Set: 5,6ms
[2019-12-26T18:42:18.482+0200][gc,phases     ] GC(10)   Post Evacuate Collection Set: 2,6ms
[2019-12-26T18:42:18.482+0200][gc,phases     ] GC(10)   Other: 0,5ms
[2019-12-26T18:42:18.482+0200][gc,heap       ] GC(10) Eden regions: 52->0(165)
[2019-12-26T18:42:18.482+0200][gc,heap       ] GC(10) Survivor regions: 3->3(7)
[2019-12-26T18:42:18.482+0200][gc,heap       ] GC(10) Old regions: 16->16
[2019-12-26T18:42:18.482+0200][gc,heap       ] GC(10) Humongous regions: 129->129
[2019-12-26T18:42:18.482+0200][gc,metaspace  ] GC(10) Metaspace: 39278K->39278K(1085440K)
[2019-12-26T18:42:18.482+0200][gc            ] GC(10) Pause Young (Normal) (G1 Evacuation Pause) 197M->145M(1024M) 8,834ms
[2019-12-26T18:42:18.482+0200][gc,cpu        ] GC(10) User=0,05s Sys=0,00s Real=0,01s
[2019-12-26T19:25:17.920+0200][gc,start      ] GC(11) Pause Young (Normal) (G1 Evacuation Pause)
[2019-12-26T19:25:17.920+0200][gc,task       ] GC(11) Using 8 workers of 8 for evacuation
[2019-12-26T19:25:17.927+0200][gc,phases     ] GC(11)   Pre Evacuate Collection Set: 0,1ms
[2019-12-26T19:25:17.927+0200][gc,phases     ] GC(11)   Evacuate Collection Set: 6,6ms
[2019-12-26T19:25:17.927+0200][gc,phases     ] GC(11)   Post Evacuate Collection Set: 0,7ms
[2019-12-26T19:25:17.927+0200][gc,phases     ] GC(11)   Other: 0,5ms
[2019-12-26T19:25:17.927+0200][gc,heap       ] GC(11) Eden regions: 165->0(165)
[2019-12-26T19:25:17.927+0200][gc,heap       ] GC(11) Survivor regions: 3->4(21)
[2019-12-26T19:25:17.927+0200][gc,heap       ] GC(11) Old regions: 16->16
[2019-12-26T19:25:17.927+0200][gc,heap       ] GC(11) Humongous regions: 129->129
[2019-12-26T19:25:17.927+0200][gc,metaspace  ] GC(11) Metaspace: 39640K->39640K(1085440K)
[2019-12-26T19:25:17.927+0200][gc            ] GC(11) Pause Young (Normal) (G1 Evacuation Pause) 310M->146M(1024M) 7,899ms
[2019-12-26T19:25:17.927+0200][gc,cpu        ] GC(11) User=0,05s Sys=0,01s Real=0,01s
[2019-12-26T20:07:31.327+0200][gc,start      ] GC(12) Pause Young (Normal) (G1 Evacuation Pause)
[2019-12-26T20:07:31.327+0200][gc,task       ] GC(12) Using 8 workers of 8 for evacuation
[2019-12-26T20:07:31.334+0200][gc,phases     ] GC(12)   Pre Evacuate Collection Set: 0,1ms
[2019-12-26T20:07:31.334+0200][gc,phases     ] GC(12)   Evacuate Collection Set: 5,5ms
[2019-12-26T20:07:31.334+0200][gc,phases     ] GC(12)   Post Evacuate Collection Set: 0,7ms
[2019-12-26T20:07:31.334+0200][gc,phases     ] GC(12)   Other: 0,4ms
[2019-12-26T20:07:31.334+0200][gc,heap       ] GC(12) Eden regions: 165->0(201)
[2019-12-26T20:07:31.334+0200][gc,heap       ] GC(12) Survivor regions: 4->5(22)
[2019-12-26T20:07:31.334+0200][gc,heap       ] GC(12) Old regions: 16->16
[2019-12-26T20:07:31.334+0200][gc,heap       ] GC(12) Humongous regions: 129->129
[2019-12-26T20:07:31.334+0200][gc,metaspace  ] GC(12) Metaspace: 39799K->39799K(1085440K)
[2019-12-26T20:07:31.334+0200][gc            ] GC(12) Pause Young (Normal) (G1 Evacuation Pause) 311M->147M(1024M) 6,789ms
[2019-12-26T20:07:31.334+0200][gc,cpu        ] GC(12) User=0,05s Sys=0,00s Real=0,00s
[2019-12-26T22:23:29.044+0200][gc,start      ] GC(13) Pause Young (Normal) (G1 Evacuation Pause)
[2019-12-26T22:23:29.044+0200][gc,task       ] GC(13) Using 8 workers of 8 for evacuation
[2019-12-26T22:23:29.051+0200][gc,phases     ] GC(13)   Pre Evacuate Collection Set: 0,1ms
[2019-12-26T22:23:29.051+0200][gc,phases     ] GC(13)   Evacuate Collection Set: 6,1ms
[2019-12-26T22:23:29.051+0200][gc,phases     ] GC(13)   Post Evacuate Collection Set: 0,7ms
[2019-12-26T22:23:29.051+0200][gc,phases     ] GC(13)   Other: 0,4ms
[2019-12-26T22:23:29.051+0200][gc,heap       ] GC(13) Eden regions: 201->0(610)
[2019-12-26T22:23:29.057+0200][gc,heap       ] GC(13) Survivor regions: 5->4(26)
[2019-12-26T22:23:29.057+0200][gc,heap       ] GC(13) Old regions: 16->16
[2019-12-26T22:23:29.057+0200][gc,heap       ] GC(13) Humongous regions: 129->129
[2019-12-26T22:23:29.057+0200][gc,metaspace  ] GC(13) Metaspace: 39900K->39900K(1085440K)
[2019-12-26T22:23:29.057+0200][gc            ] GC(13) Pause Young (Normal) (G1 Evacuation Pause) 348M->146M(1024M) 13,432ms
[2019-12-26T22:23:29.057+0200][gc,cpu        ] GC(13) User=0,05s Sys=0,00s Real=0,01s
[2019-12-27T12:56:58.694+0200][gc,start      ] GC(14) Pause Young (Normal) (G1 Evacuation Pause)
[2019-12-27T12:56:58.701+0200][gc,task       ] GC(14) Using 8 workers of 8 for evacuation
[2019-12-27T12:56:58.715+0200][gc,phases     ] GC(14)   Pre Evacuate Collection Set: 0,1ms
[2019-12-27T12:56:58.715+0200][gc,phases     ] GC(14)   Evacuate Collection Set: 11,3ms
[2019-12-27T12:56:58.715+0200][gc,phases     ] GC(14)   Post Evacuate Collection Set: 2,4ms
[2019-12-27T12:56:58.715+0200][gc,phases     ] GC(14)   Other: 7,2ms
[2019-12-27T12:56:58.715+0200][gc,heap       ] GC(14) Eden regions: 610->0(609)
[2019-12-27T12:56:58.715+0200][gc,heap       ] GC(14) Survivor regions: 4->5(77)
[2019-12-27T12:56:58.715+0200][gc,heap       ] GC(14) Old regions: 16->16
[2019-12-27T12:56:58.715+0200][gc,heap       ] GC(14) Humongous regions: 129->129
[2019-12-27T12:56:58.715+0200][gc,metaspace  ] GC(14) Metaspace: 40082K->40082K(1085440K)
[2019-12-27T12:56:58.716+0200][gc            ] GC(14) Pause Young (Normal) (G1 Evacuation Pause) 756M->147M(1024M) 21,407ms
[2019-12-27T12:56:58.716+0200][gc,cpu        ] GC(14) User=0,10s Sys=0,00s Real=0,02s
[2019-12-27T15:47:49.995+0200][gc,start      ] GC(15) Pause Young (Normal) (G1 Evacuation Pause)
[2019-12-27T15:47:49.995+0200][gc,task       ] GC(15) Using 8 workers of 8 for evacuation
[2019-12-27T15:47:50.002+0200][gc,phases     ] GC(15)   Pre Evacuate Collection Set: 0,0ms
[2019-12-27T15:47:50.002+0200][gc,phases     ] GC(15)   Evacuate Collection Set: 4,1ms
[2019-12-27T15:47:50.002+0200][gc,phases     ] GC(15)   Post Evacuate Collection Set: 2,1ms
[2019-12-27T15:47:50.002+0200][gc,phases     ] GC(15)   Other: 0,3ms
[2019-12-27T15:47:50.002+0200][gc,heap       ] GC(15) Eden regions: 470->0(611)
[2019-12-27T15:47:50.002+0200][gc,heap       ] GC(15) Survivor regions: 5->3(60)
[2019-12-27T15:47:50.002+0200][gc,heap       ] GC(15) Old regions: 16->16
[2019-12-27T15:47:50.002+0200][gc,heap       ] GC(15) Humongous regions: 129->129
[2019-12-27T15:47:50.002+0200][gc,metaspace  ] GC(15) Metaspace: 40859K->40859K(1085440K)
[2019-12-27T15:47:50.002+0200][gc            ] GC(15) Pause Young (Normal) (G1 Evacuation Pause) 617M->145M(1024M) 6,673ms
[2019-12-27T15:47:50.002+0200][gc,cpu        ] GC(15) User=0,04s Sys=0,00s Real=0,01s
[2019-12-27T15:47:52.396+0200][gc,heap,exit  ] Heap
[2019-12-27T15:47:52.396+0200][gc,heap,exit  ]  garbage-first heap   total 1048576K, used 157304K [0x00000000c0000000, 0x0000000100000000)
[2019-12-27T15:47:52.396+0200][gc,heap,exit  ]   region size 1024K, 12 young (12288K), 3 survivors (3072K)
[2019-12-27T15:47:52.396+0200][gc,heap,exit  ]  Metaspace       used 41309K, capacity 44064K, committed 44160K, reserved 1087488K
[2019-12-27T15:47:52.396+0200][gc,heap,exit  ]   class space    used 5720K, capacity 7008K, committed 7040K, reserved 1048576K
