[2019-12-26T17:26:51.503+0200][gc,heap] Heap region size: 1M
[2019-12-26T17:26:51.508+0200][gc     ] Using G1
[2019-12-26T17:26:51.508+0200][gc,heap,coops] Heap address: 0x00000000e0000000, size: 512 MB, Compressed Oops mode: 32-bit
[2019-12-26T17:26:51.508+0200][gc,cds       ] Mark closed archive regions in map: [0x00000000fff00000, 0x00000000fff69ff8]
[2019-12-26T17:26:51.508+0200][gc,cds       ] Mark open archive regions in map: [0x00000000ffe00000, 0x00000000ffe43ff8]
[2019-12-26T17:26:53.167+0200][gc,start     ] GC(0) Pause Young (Normal) (G1 Evacuation Pause)
[2019-12-26T17:26:53.169+0200][gc,task      ] GC(0) Using 8 workers of 8 for evacuation
[2019-12-26T17:26:53.191+0200][gc,mmu       ] GC(0) MMU target violated: 21,0ms (20,0ms/21,0ms)
[2019-12-26T17:26:53.191+0200][gc,phases    ] GC(0)   Pre Evacuate Collection Set: 0,0ms
[2019-12-26T17:26:53.191+0200][gc,phases    ] GC(0)   Evacuate Collection Set: 21,2ms
[2019-12-26T17:26:53.191+0200][gc,phases    ] GC(0)   Post Evacuate Collection Set: 0,6ms
[2019-12-26T17:26:53.191+0200][gc,phases    ] GC(0)   Other: 2,8ms
[2019-12-26T17:26:53.191+0200][gc,heap      ] GC(0) Eden regions: 25->0(21)
[2019-12-26T17:26:53.191+0200][gc,heap      ] GC(0) Survivor regions: 0->4(4)
[2019-12-26T17:26:53.191+0200][gc,heap      ] GC(0) Old regions: 2->4
[2019-12-26T17:26:53.191+0200][gc,heap      ] GC(0) Humongous regions: 0->0
[2019-12-26T17:26:53.191+0200][gc,metaspace ] GC(0) Metaspace: 7552K->7552K(1056768K)
[2019-12-26T17:26:53.191+0200][gc           ] GC(0) Pause Young (Normal) (G1 Evacuation Pause) 25M->5M(512M) 24,644ms
[2019-12-26T17:26:53.192+0200][gc,cpu       ] GC(0) User=0,16s Sys=0,02s Real=0,02s
[2019-12-26T20:24:20.008+0200][gc,start     ] GC(1) Pause Young (Normal) (G1 Evacuation Pause)
[2019-12-26T20:24:20.008+0200][gc,task      ] GC(1) Using 8 workers of 8 for evacuation
[2019-12-26T20:24:20.026+0200][gc,phases    ] GC(1)   Pre Evacuate Collection Set: 0,0ms
[2019-12-26T20:24:20.026+0200][gc,phases    ] GC(1)   Evacuate Collection Set: 16,5ms
[2019-12-26T20:24:20.026+0200][gc,phases    ] GC(1)   Post Evacuate Collection Set: 0,9ms
[2019-12-26T20:24:20.026+0200][gc,phases    ] GC(1)   Other: 0,4ms
[2019-12-26T20:24:20.026+0200][gc,heap      ] GC(1) Eden regions: 21->0(24)
[2019-12-26T20:24:20.026+0200][gc,heap      ] GC(1) Survivor regions: 4->1(4)
[2019-12-26T20:24:20.026+0200][gc,heap      ] GC(1) Old regions: 4->8
[2019-12-26T20:24:20.026+0200][gc,heap      ] GC(1) Humongous regions: 0->0
[2019-12-26T20:24:20.026+0200][gc,metaspace ] GC(1) Metaspace: 8214K->8214K(1056768K)
[2019-12-26T20:24:20.026+0200][gc           ] GC(1) Pause Young (Normal) (G1 Evacuation Pause) 26M->6M(512M) 18,144ms
[2019-12-26T20:24:20.026+0200][gc,cpu       ] GC(1) User=0,13s Sys=0,00s Real=0,02s
[2019-12-27T13:02:09.640+0200][gc,heap,exit ] Heap
[2019-12-27T13:02:09.640+0200][gc,heap,exit ]  garbage-first heap   total 524288K, used 29146K [0x00000000e0000000, 0x0000000100000000)
[2019-12-27T13:02:09.640+0200][gc,heap,exit ]   region size 1024K, 24 young (24576K), 1 survivors (1024K)
[2019-12-27T13:02:09.640+0200][gc,heap,exit ]  Metaspace       used 8230K, capacity 8555K, committed 8704K, reserved 1056768K
[2019-12-27T13:02:09.640+0200][gc,heap,exit ]   class space    used 888K, capacity 1002K, committed 1024K, reserved 1048576K
